[2026-09-02T20:54:22.926Z] {"timestamp":1788382459611,"level":"DEBUG","args":["[Manus] Debug collector initialized (no rrweb, UI events only)"],"stack":null}
[2026-09-02T20:54:22.927Z] {"timestamp":1788382461029,"level":"DEBUG","args":["[vite] connected."],"stack":null}
[2026-09-02T20:55:04.901Z] {"timestamp":1788382502293,"level":"DEBUG","args":["[Manus] Debug collector initialized (no rrweb, UI events only)"],"stack":null}
[2026-09-02T20:55:04.901Z] {"timestamp":1788382504042,"level":"DEBUG","args":["[vite] connected."],"stack":null}
[2026-09-02T20:55:45.294Z] {"timestamp":1788382542994,"level":"DEBUG","args":["[Manus] Debug collector initialized (no rrweb, UI events only)"],"stack":null}
[2026-09-02T20:55:45.294Z] {"timestamp":1788382544042,"level":"DEBUG","args":["[vite] connected."],"stack":null}
[2026-09-02T21:05:25.677Z] {"timestamp":1788383125145,"level":"DEBUG","args":["[vite]","hot updated: /src/index.css"],"stack":null}
[2026-09-02T21:05:26.062Z] {"timestamp":1788383125145,"level":"DEBUG","args":["[vite]","hot updated: /src/index.css"],"stack":null}
[2026-09-02T21:05:29.667Z] {"timestamp":1788383126864,"level":"DEBUG","args":["[Manus] Debug collector initialized (no rrweb, UI events only)"],"stack":null}
[2026-09-02T21:05:29.667Z] {"timestamp":1788383127940,"level":"DEBUG","args":["[vite] connected."],"stack":null}
[2026-09-02T21:06:08.288Z] {"timestamp":1788383150684,"level":"DEBUG","args":["[vite]","hot updated: /src/pages/Home.tsx"],"stack":null}
[2026-09-02T21:06:08.288Z] {"timestamp":1788383150685,"level":"DEBUG","args":["[vite]","hot updated: /src/index.css"],"stack":null}
[2026-09-02T21:06:08.288Z] {"timestamp":1788383154148,"level":"DEBUG","args":["[vite]","hot updated: /src/pages/NotFound.tsx"],"stack":null}
[2026-09-02T21:06:08.288Z] {"timestamp":1788383154148,"level":"DEBUG","args":["[vite]","hot updated: /src/index.css"],"stack":null}
[2026-09-02T21:09:06.954Z] {"timestamp":1788383311071,"level":"DEBUG","args":["[vite]","hot updated: /src/pages/Home.tsx"],"stack":null}
[2026-09-02T21:09:06.954Z] {"timestamp":1788383311071,"level":"DEBUG","args":["[vite]","hot updated: /src/index.css"],"stack":null}
[2026-09-02T21:09:06.954Z] {"timestamp":1788383311749,"level":"DEBUG","args":["[vite]","hot updated: /src/index.css"],"stack":null}
[2026-09-02T21:09:56.501Z] {"timestamp":1788383392182,"level":"DEBUG","args":["[vite]","hot updated: /src/App.tsx"],"stack":null}
[2026-09-02T21:09:56.501Z] {"timestamp":1788383392182,"level":"DEBUG","args":["[vite]","hot updated: /src/index.css"],"stack":null}
[2026-09-02T21:09:56.501Z] {"timestamp":1788383392722,"level":"DEBUG","args":["[vite]","hot updated: /src/pages/Home.tsx"],"stack":null}
[2026-09-02T21:09:56.501Z] {"timestamp":1788383392722,"level":"DEBUG","args":["[vite]","hot updated: /src/index.css"],"stack":null}
[2026-09-02T21:11:09.034Z] {"timestamp":1788383466750,"level":"DEBUG","args":["[Manus] Debug collector initialized (no rrweb, UI events only)"],"stack":null}
[2026-09-02T21:11:09.034Z] {"timestamp":1788383467863,"level":"DEBUG","args":["[vite] connected."],"stack":null}
[2026-09-02T21:12:06.806Z] {"timestamp":1788383522419,"level":"DEBUG","args":["[Manus] Debug collector initialized (no rrweb, UI events only)"],"stack":null}
[2026-09-02T21:12:06.807Z] {"timestamp":1788383523261,"level":"DEBUG","args":["[vite] connected."],"stack":null}
[2026-09-02T21:16:45.082Z] {"timestamp":1788383801838,"level":"DEBUG","args":["[Manus] Debug collector initialized (no rrweb, UI events only)"],"stack":null}
[2026-09-02T21:16:45.082Z] {"timestamp":1788383802719,"level":"DEBUG","args":["[vite] connected."],"stack":null}
[2026-09-02T21:17:44.829Z] {"timestamp":1788383863847,"level":"DEBUG","args":["[Manus] Debug collector initialized (no rrweb, UI events only)"],"stack":null}
[2026-09-02T21:17:51.289Z] {"timestamp":1788383869006,"level":"DEBUG","args":["[Manus] Debug collector initialized (no rrweb, UI events only)"],"stack":null}
[2026-09-02T21:17:51.289Z] {"timestamp":1788383869918,"level":"DEBUG","args":["[vite] connected."],"stack":null}
[2026-09-02T21:21:27.276Z] {"timestamp":1788384085145,"level":"DEBUG","args":["[vite]","hot updated: /src/pages/Admin.tsx"],"stack":null}
[2026-09-02T21:21:27.276Z] {"timestamp":1788384085146,"level":"DEBUG","args":["[vite]","hot updated: /src/pages/Home.tsx"],"stack":null}
[2026-09-02T21:21:27.276Z] {"timestamp":1788384085146,"level":"DEBUG","args":["[vite]","hot updated: /src/index.css"],"stack":null}
[2026-09-02T21:21:33.283Z] {"timestamp":1788384091723,"level":"DEBUG","args":["[vite]","hot updated: /src/index.css"],"stack":null}
[2026-09-02T21:21:35.285Z] {"timestamp":1788384094175,"level":"DEBUG","args":["[vite]","hot updated: /src/index.css"],"stack":null}
[2026-09-02T21:21:51.290Z] {"timestamp":1788384109059,"level":"DEBUG","args":["[vite]","hot updated: /src/pages/Home.tsx"],"stack":null}
[2026-09-02T21:21:51.290Z] {"timestamp":1788384109059,"level":"DEBUG","args":["[vite]","hot updated: /src/index.css"],"stack":null}
[2026-09-02T21:21:53.295Z] {"timestamp":1788384111631,"level":"DEBUG","args":["[vite]","hot updated: /src/pages/Home.tsx"],"stack":null}
[2026-09-02T21:21:53.295Z] {"timestamp":1788384111631,"level":"DEBUG","args":["[vite]","hot updated: /src/index.css"],"stack":null}
[2026-09-02T21:21:55.536Z] {"timestamp":1788384115227,"level":"ERROR","args":["[vite]","Failed to reload /src/pages/Home.tsx. This could be due to syntax errors or importing non-existent modules. (see errors above)"],"stack":"Error\n    at console.<computed> (https://3000-6a9892106d0b28536e95ea7e--b-f83df9e-f18b10d9d0b513f1.imported.base44-preview.app/__manus__/debug-collector.js:391:37)\n    at console.error (https://app.base44.com/builder-bridge.js:12741:22)\n    at Object.error (https://3000-6a9892106d0b28536e95ea7e--b-f83df9e-f18b10d9d0b513f1.imported.base44-preview.app/@vite/client:809:26)\n    at HMRClient.warnFailedUpdate (https://3000-6a9892106d0b28536e95ea7e--b-f83df9e-f18b10d9d0b513f1.imported.base44-preview.app/@vite/client:181:15)\n    at HMRClient.fetchUpdate (https://3000-6a9892106d0b28536e95ea7e--b-f83df9e-f18b10d9d0b513f1.imported.base44-preview.app/@vite/client:212:10)\n    at async Promise.all (index 0)\n    at async HMRClient.queueUpdate (https://3000-6a9892106d0b28536e95ea7e--b-f83df9e-f18b10d9d0b513f1.imported.base44-preview.app/@vite/client:196:5)\n    at async Promise.all (index 0)\n    at async handleMessage (https://3000-6a9892106d0b28536e95ea7e--b-f83df9e-f18b10d9d0b513f1.imported.base44-preview.app/@vite/client:838:4)"}
[2026-09-02T21:21:55.536Z] {"timestamp":1788384115239,"level":"DEBUG","args":["[vite]","hot updated: /src/pages/Home.tsx"],"stack":null}
[2026-09-02T21:21:55.536Z] {"timestamp":1788384115239,"level":"DEBUG","args":["[vite]","hot updated: /src/index.css"],"stack":null}
[2026-09-02T21:21:58.837Z] {"timestamp":1788384116559,"level":"DEBUG","args":["[Manus] Debug collector initialized (no rrweb, UI events only)"],"stack":null}
[2026-09-02T21:21:58.837Z] {"timestamp":1788384117572,"level":"DEBUG","args":["[vite] connected."],"stack":null}
[2026-09-02T21:22:26.770Z] {"timestamp":1788384144513,"level":"DEBUG","args":["[Manus] Debug collector initialized (no rrweb, UI events only)"],"stack":null}
[2026-09-02T21:22:26.770Z] {"timestamp":1788384145439,"level":"DEBUG","args":["[vite] connected."],"stack":null}
[2026-09-02T21:22:57.241Z] {"timestamp":1788384172765,"level":"WARN","args":["Warning: Missing `Description` or `aria-describedby={undefined}` for {DialogContent}."],"stack":null}
[2026-09-02T21:24:06.821Z] {"timestamp":1788384246306,"level":"WARN","args":["Warning: Missing `Description` or `aria-describedby={undefined}` for {DialogContent}."],"stack":null}
[2026-09-02T21:24:47.710Z] {"timestamp":1788384286908,"level":"DEBUG","args":["[vite]","hot updated: /src/pages/Admin.tsx"],"stack":null}
[2026-09-02T21:24:47.710Z] {"timestamp":1788384286908,"level":"DEBUG","args":["[vite]","hot updated: /src/pages/Home.tsx"],"stack":null}
[2026-09-02T21:24:47.710Z] {"timestamp":1788384286908,"level":"DEBUG","args":["[vite]","hot updated: /src/components/QRCodeDisplay.tsx"],"stack":null}
[2026-09-02T21:24:47.710Z] {"timestamp":1788384286908,"level":"DEBUG","args":["[vite]","hot updated: /src/components/QRScanner.tsx"],"stack":null}
[2026-09-02T21:24:47.710Z] {"timestamp":1788384286908,"level":"DEBUG","args":["[vite]","hot updated: /src/index.css"],"stack":null}
[2026-09-02T21:25:07.710Z] {"timestamp":1788384305753,"level":"DEBUG","args":["[vite]","hot updated: /src/index.css"],"stack":null}
[2026-09-02T21:25:07.710Z] {"timestamp":1788384306755,"level":"DEBUG","args":["[vite]","hot updated: /src/App.tsx"],"stack":null}
[2026-09-02T21:25:07.710Z] {"timestamp":1788384306755,"level":"DEBUG","args":["[vite]","hot updated: /src/index.css"],"stack":null}
[2026-09-02T21:25:26.800Z] {"timestamp":1788384326518,"level":"DEBUG","args":["[vite]","hot updated: /src/pages/Home.tsx"],"stack":null}
[2026-09-02T21:25:26.800Z] {"timestamp":1788384326518,"level":"DEBUG","args":["[vite]","hot updated: /src/index.css"],"stack":null}
[2026-09-02T21:25:42.830Z] {"timestamp":1788384340617,"level":"DEBUG","args":["[vite]","hot updated: /src/index.css"],"stack":null}
[2026-09-02T21:25:42.830Z] {"timestamp":1788384340618,"level":"DEBUG","args":["[vite]","hot updated: /src/components/QRScanner.tsx"],"stack":null}
[2026-09-02T21:25:42.830Z] {"timestamp":1788384341189,"level":"DEBUG","args":["[vite]","hot updated: /src/index.css"],"stack":null}
[2026-09-02T21:25:42.830Z] {"timestamp":1788384341190,"level":"DEBUG","args":["[vite]","hot updated: /src/components/QRCodeDisplay.tsx"],"stack":null}
[2026-09-02T21:26:06.804Z] {"timestamp":1788384366465,"level":"DEBUG","args":["[vite]","hot updated: /src/pages/Admin.tsx"],"stack":null}
[2026-09-02T21:26:06.804Z] {"timestamp":1788384366465,"level":"DEBUG","args":["[vite]","hot updated: /src/index.css"],"stack":null}
[2026-09-02T21:26:17.669Z] {"timestamp":1788384375420,"level":"DEBUG","args":["[Manus] Debug collector initialized (no rrweb, UI events only)"],"stack":null}
[2026-09-02T21:26:17.669Z] {"timestamp":1788384376445,"level":"DEBUG","args":["[vite] connected."],"stack":null}
[2026-09-02T21:26:39.961Z] {"timestamp":1788384397696,"level":"DEBUG","args":["[Manus] Debug collector initialized (no rrweb, UI events only)"],"stack":null}
[2026-09-02T21:26:39.961Z] {"timestamp":1788384398651,"level":"DEBUG","args":["[vite] connected."],"stack":null}
[2026-09-02T21:32:21.354Z] {"timestamp":1788384739129,"level":"DEBUG","args":["[Manus] Debug collector initialized (no rrweb, UI events only)"],"stack":null}
[2026-09-02T21:32:21.354Z] {"timestamp":1788384740004,"level":"DEBUG","args":["[vite] connected."],"stack":null}
[2026-09-02T21:32:54.152Z] {"timestamp":1788384771933,"level":"DEBUG","args":["[Manus] Debug collector initialized (no rrweb, UI events only)"],"stack":null}
[2026-09-02T21:32:54.152Z] {"timestamp":1788384772908,"level":"DEBUG","args":["[vite] connected."],"stack":null}
[2026-09-02T21:36:14.680Z] {"timestamp":1788384972543,"level":"DEBUG","args":["[vite]","invalidate /src/contexts/SettingsContext.tsx: Could not Fast Refresh (\"useSettings\" export is incompatible). Learn more at https://github.com/vitejs/vite-plugin-react/tree/main/packages/plugin-react#consistent-components-exports"],"stack":null}
[2026-09-02T21:36:14.680Z] {"timestamp":1788384972543,"level":"DEBUG","args":["[vite]","hot updated: /src/contexts/SettingsContext.tsx"],"stack":null}
[2026-09-02T21:36:14.680Z] {"timestamp":1788384972543,"level":"DEBUG","args":["[vite]","hot updated: /src/index.css"],"stack":null}
[2026-09-02T21:36:14.680Z] {"timestamp":1788384973610,"level":"DEBUG","args":["[vite]","hot updated: /src/contexts/SettingsContext.tsx"],"stack":null}
[2026-09-02T21:36:14.680Z] {"timestamp":1788384973610,"level":"DEBUG","args":["[vite]","hot updated: /src/index.css"],"stack":null}
[2026-09-02T21:36:25.696Z] {"timestamp":1788384975384,"level":"DEBUG","args":["[vite]","hot updated: /src/App.tsx"],"stack":null}
[2026-09-02T21:36:25.696Z] {"timestamp":1788384975385,"level":"DEBUG","args":["[vite]","hot updated: /src/pages/Home.tsx"],"stack":null}
[2026-09-02T21:36:25.696Z] {"timestamp":1788384975385,"level":"DEBUG","args":["[vite]","hot updated: /src/pages/Admin.tsx"],"stack":null}
[2026-09-02T21:36:25.696Z] {"timestamp":1788384975385,"level":"DEBUG","args":["[vite]","hot updated: /src/components/BottomNav.tsx"],"stack":null}
[2026-09-02T21:36:25.696Z] {"timestamp":1788384975385,"level":"DEBUG","args":["[vite]","hot updated: /src/components/QRScanner.tsx"],"stack":null}
[2026-09-02T21:36:25.696Z] {"timestamp":1788384975385,"level":"DEBUG","args":["[vite]","hot updated: /src/components/QRCodeDisplay.tsx"],"stack":null}
[2026-09-02T21:36:25.696Z] {"timestamp":1788384975385,"level":"DEBUG","args":["[vite]","hot updated: /src/components/ProfileTab.tsx"],"stack":null}
[2026-09-02T21:36:25.696Z] {"timestamp":1788384979875,"level":"DEBUG","args":["[vite]","invalidate /src/contexts/SettingsContext.tsx: Could not Fast Refresh (\"useSettings\" export is incompatible). Learn more at https://github.com/vitejs/vite-plugin-react/tree/main/packages/plugin-react#consistent-components-exports"],"stack":null}
[2026-09-02T21:36:25.696Z] {"timestamp":1788384979875,"level":"DEBUG","args":["[vite]","hot updated: /src/contexts/SettingsContext.tsx"],"stack":null}
[2026-09-02T21:36:25.696Z] {"timestamp":1788384979875,"level":"DEBUG","args":["[vite]","hot updated: /src/index.css"],"stack":null}
[2026-09-02T21:36:25.696Z] {"timestamp":1788384981506,"level":"DEBUG","args":["[vite]","hot updated: /src/App.tsx"],"stack":null}
[2026-09-02T21:36:25.696Z] {"timestamp":1788384981506,"level":"DEBUG","args":["[vite]","hot updated: /src/pages/Home.tsx"],"stack":null}
[2026-09-02T21:36:25.696Z] {"timestamp":1788384981506,"level":"DEBUG","args":["[vite]","hot updated: /src/pages/Admin.tsx"],"stack":null}
[2026-09-02T21:36:25.696Z] {"timestamp":1788384981506,"level":"DEBUG","args":["[vite]","hot updated: /src/components/BottomNav.tsx"],"stack":null}
[2026-09-02T21:36:25.696Z] {"timestamp":1788384981506,"level":"DEBUG","args":["[vite]","hot updated: /src/components/QRScanner.tsx"],"stack":null}
[2026-09-02T21:36:25.696Z] {"timestamp":1788384981506,"level":"DEBUG","args":["[vite]","hot updated: /src/components/QRCodeDisplay.tsx"],"stack":null}
[2026-09-02T21:36:25.696Z] {"timestamp":1788384981506,"level":"DEBUG","args":["[vite]","hot updated: /src/components/ProfileTab.tsx"],"stack":null}
[2026-09-02T21:37:02.068Z] {"timestamp":1788384995690,"level":"DEBUG","args":["[vite]","hot updated: /src/components/SplashScreen.tsx"],"stack":null}
[2026-09-02T21:37:02.068Z] {"timestamp":1788384995690,"level":"DEBUG","args":["[vite]","hot updated: /src/index.css"],"stack":null}
[2026-09-02T21:37:02.068Z] {"timestamp":1788384996060,"level":"DEBUG","args":["[vite]","hot updated: /src/components/BottomNav.tsx"],"stack":null}
[2026-09-02T21:37:02.068Z] {"timestamp":1788384996060,"level":"DEBUG","args":["[vite]","hot updated: /src/index.css"],"stack":null}
[2026-09-02T21:37:02.068Z] {"timestamp":1788385006338,"level":"DEBUG","args":["[vite]","hot updated: /src/components/ProfileTab.tsx"],"stack":null}
[2026-09-02T21:37:02.068Z] {"timestamp":1788385006338,"level":"DEBUG","args":["[vite]","hot updated: /src/index.css"],"stack":null}
[2026-09-02T21:37:14.994Z] {"timestamp":1788385032787,"level":"DEBUG","args":["[Manus] Debug collector initialized (no rrweb, UI events only)"],"stack":null}
[2026-09-02T21:37:14.994Z] {"timestamp":1788385033888,"level":"DEBUG","args":["[vite] connected."],"stack":null}
[2026-09-02T21:37:17.017Z] {"timestamp":1788385035079,"level":"DEBUG","args":["[vite]","invalidate /src/contexts/SettingsContext.tsx: Could not Fast Refresh (\"useSettings\" export is incompatible). Learn more at https://github.com/vitejs/vite-plugin-react/tree/main/packages/plugin-react#consistent-components-exports"],"stack":null}
[2026-09-02T21:37:17.017Z] {"timestamp":1788385035079,"level":"DEBUG","args":["[vite]","hot updated: /src/contexts/SettingsContext.tsx"],"stack":null}
[2026-09-02T21:37:17.017Z] {"timestamp":1788385035079,"level":"DEBUG","args":["[vite]","hot updated: /src/index.css"],"stack":null}
[2026-09-02T21:37:17.017Z] {"timestamp":1788385036153,"level":"DEBUG","args":["[vite]","hot updated: /src/App.tsx"],"stack":null}
[2026-09-02T21:37:17.017Z] {"timestamp":1788385036154,"level":"DEBUG","args":["[vite]","hot updated: /src/pages/Home.tsx"],"stack":null}
[2026-09-02T21:37:17.017Z] {"timestamp":1788385036154,"level":"DEBUG","args":["[vite]","hot updated: /src/pages/Admin.tsx"],"stack":null}
[2026-09-02T21:37:17.017Z] {"timestamp":1788385036154,"level":"DEBUG","args":["[vite]","hot updated: /src/components/BottomNav.tsx"],"stack":null}
[2026-09-02T21:37:17.017Z] {"timestamp":1788385036154,"level":"DEBUG","args":["[vite]","hot updated: /src/components/QRScanner.tsx"],"stack":null}
[2026-09-02T21:37:17.017Z] {"timestamp":1788385036154,"level":"DEBUG","args":["[vite]","hot updated: /src/components/QRCodeDisplay.tsx"],"stack":null}
[2026-09-02T21:37:17.017Z] {"timestamp":1788385036154,"level":"DEBUG","args":["[vite]","hot updated: /src/components/ProfileTab.tsx"],"stack":null}
[2026-09-02T21:37:17.017Z] {"timestamp":1788385036154,"level":"DEBUG","args":["[vite]","hot updated: /src/components/SettingsTab.tsx"],"stack":null}
[2026-09-02T21:37:43.677Z] {"timestamp":1788385062417,"level":"DEBUG","args":["[vite]","hot updated: /src/pages/Admin.tsx"],"stack":null}
[2026-09-02T21:37:43.677Z] {"timestamp":1788385062417,"level":"DEBUG","args":["[vite]","hot updated: /src/index.css"],"stack":null}
[2026-09-02T21:38:14.685Z] {"timestamp":1788385091612,"level":"DEBUG","args":["[Manus] Debug collector initialized (no rrweb, UI events only)"],"stack":null}
[2026-09-02T21:38:14.686Z] {"timestamp":1788385092504,"level":"DEBUG","args":["[vite] connected."],"stack":null}
[2026-09-02T21:39:35.695Z] {"timestamp":1788385172836,"level":"DEBUG","args":["[Manus] Debug collector initialized (no rrweb, UI events only)"],"stack":null}
[2026-09-02T21:39:35.695Z] {"timestamp":1788385173741,"level":"DEBUG","args":["[vite] connected."],"stack":null}
[2026-09-02T21:41:10.262Z] {"timestamp":1788385268052,"level":"DEBUG","args":["[Manus] Debug collector initialized (no rrweb, UI events only)"],"stack":null}
[2026-09-02T21:41:10.262Z] {"timestamp":1788385268968,"level":"DEBUG","args":["[vite] connected."],"stack":null}
[2026-09-02T21:45:26.092Z] {"timestamp":1788385468390,"level":"DEBUG","args":["[vite]","invalidate /src/contexts/SettingsContext.tsx: Could not Fast Refresh (\"useSettings\" export is incompatible). Learn more at https://github.com/vitejs/vite-plugin-react/tree/main/packages/plugin-react#consistent-components-exports"],"stack":null}
[2026-09-02T21:45:26.092Z] {"timestamp":1788385468390,"level":"DEBUG","args":["[vite]","hot updated: /src/contexts/SettingsContext.tsx"],"stack":null}
[2026-09-02T21:45:26.092Z] {"timestamp":1788385468390,"level":"DEBUG","args":["[vite]","hot updated: /src/index.css"],"stack":null}
[2026-09-02T21:45:26.092Z] {"timestamp":1788385470636,"level":"DEBUG","args":["[vite]","hot updated: /src/App.tsx"],"stack":null}
[2026-09-02T21:45:26.092Z] {"timestamp":1788385470637,"level":"DEBUG","args":["[vite]","hot updated: /src/pages/Home.tsx"],"stack":null}
[2026-09-02T21:45:26.092Z] {"timestamp":1788385470637,"level":"DEBUG","args":["[vite]","hot updated: /src/pages/Admin.tsx"],"stack":null}
[2026-09-02T21:45:26.092Z] {"timestamp":1788385470637,"level":"DEBUG","args":["[vite]","hot updated: /src/components/BottomNav.tsx"],"stack":null}
[2026-09-02T21:45:26.092Z] {"timestamp":1788385470637,"level":"DEBUG","args":["[vite]","hot updated: /src/components/QRScanner.tsx"],"stack":null}
[2026-09-02T21:45:26.092Z] {"timestamp":1788385470637,"level":"DEBUG","args":["[vite]","hot updated: /src/components/QRCodeDisplay.tsx"],"stack":null}
[2026-09-02T21:45:26.092Z] {"timestamp":1788385470637,"level":"DEBUG","args":["[vite]","hot updated: /src/components/ProfileTab.tsx"],"stack":null}
[2026-09-02T21:45:26.092Z] {"timestamp":1788385470637,"level":"DEBUG","args":["[vite]","hot updated: /src/components/SettingsTab.tsx"],"stack":null}
[2026-09-02T21:45:26.092Z] {"timestamp":1788385496742,"level":"DEBUG","args":["[vite]","hot updated: /src/pages/Home.tsx"],"stack":null}
[2026-09-02T21:45:26.092Z] {"timestamp":1788385496742,"level":"DEBUG","args":["[vite]","hot updated: /src/index.css"],"stack":null}
[2026-09-02T21:45:26.092Z] {"timestamp":1788385497506,"level":"ERROR","args":["%o\n\n%s\n\n%s\n",{"type":"Error","message":"Database is not defined","stack":"ReferenceError: Database is not defined\n    at Home (https://3000-6a9895bb63c9859b8ed36d0f--b-5ac20ef-52e37f1ff58d2ee8.imported.base44-preview.app/src/pages/Home.tsx?t=1788385495943:214:34)\n    at Object.react_stack_bottom_frame (https://3000-6a9895bb63c9859b8ed36d0f--b-5ac20ef-52e37f1ff58d2ee8.imported.base44-preview.app/@fs/app/node_modules/.vite/deps/react-dom_client.js?v=07bbf36a:18509:20)\n    at renderWithHooks (https://3000-6a9895bb63c9859b8ed36d0f--b-5ac20ef-52e37f1ff58d2ee8.imported.base44-preview.app/@fs/app/node_modules/.vite/deps/react-dom_client.js?v=07bbf36a:5654:24)\n    at updateFunctionComponent (https://3000-6a9895bb63c9859b8ed36d0f--b-5ac20ef-52e37f1ff58d2ee8.imported.base44-preview.app/@fs/app/node_modules/.vite/deps/react-dom_client.js?v=07bbf36a:7475:21)\n    at beginWork (https://3000-6a9895bb63c9859b8ed36d0f--b-5ac20ef-52e37f1ff58d2ee8.imported.base44-preview.app/@fs/app/node_modules/.vite/deps/react-dom_client.js?v=07bbf36a:8525:20)\n    at runWithFiberInDEV (https://3000-6a9895bb63c9859b8ed36d0f--b-5ac20ef-52e37f1ff58d2ee8.imported.base44-preview.app/@fs/app/node_modules/.vite/deps/react-dom_client.js?v=07bbf36a:997:72)\n    at performUnitOfWork (https://3000-6a9895bb63c9859b8ed36d0f--b-5ac20ef-52e37f1ff58d2ee8.imported.base44-preview.app/@fs/app/node_modules/.vite/deps/react-dom_client.js?v=07bbf36a:12561:98)\n    at workLoopSync (https://3000-6a9895bb63c9859b8ed36d0f--b-5ac20ef-52e37f1ff58d2ee8.imported.base44-preview.app/@fs/app/node_modules/.vite/deps/react-dom_client.js?v=07bbf36a:12424:43)\n    at renderRootSync (https://3000-6a9895bb63c9859b8ed36d0f--b-5ac20ef-52e37f1ff58d2ee8.imported.base44-preview.app/@fs/app/node_modules/.vite/deps/react-dom_client.js?v=07bbf36a:12408:13)\n    at performWorkOnRoot (https://3000-6a9895bb63c9859b8ed36d0f--b-5ac20ef-52e37f1ff58d2ee8.imported.base44-preview.app/@fs/app/node_modules/.vite/deps/react-dom_client.js?v=07bbf36a:11827:37)"},"The above error occurred in the <Home> component.","React will try to recreate this component tree from scratch using the error boundary you provided, ErrorBoundary."],"stack":"Error\n    at console.<computed> (https://3000-6a9895bb63c9859b8ed36d0f--b-5ac20ef-52e37f1ff58d2ee8.imported.base44-preview.app/__manus__/debug-collector.js:391:37)\n    at console.error (https://app.base44.com/builder-bridge.js:12741:22)\n    at defaultOnCaughtError (https://3000-6a9895bb63c9859b8ed36d0f--b-5ac20ef-52e37f1ff58d2ee8.imported.base44-preview.app/@fs/app/node_modules/.vite/deps/react-dom_client.js?v=07bbf36a:7001:19)\n    at logCaughtError (https://3000-6a9895bb63c9859b8ed36d0f--b-5ac20ef-52e37f1ff58d2ee8.imported.base44-preview.app/@fs/app/node_modules/.vite/deps/react-dom_client.js?v=07bbf36a:7033:11)\n    at runWithFiberInDEV (https://3000-6a9895bb63c9859b8ed36d0f--b-5ac20ef-52e37f1ff58d2ee8.imported.base44-preview.app/@fs/app/node_modules/.vite/deps/react-dom_client.js?v=07bbf36a:997:72)\n    at update.callback (https://3000-6a9895bb63c9859b8ed36d0f--b-5ac20ef-52e37f1ff58d2ee8.imported.base44-preview.app/@fs/app/node_modules/.vite/deps/react-dom_client.js?v=07bbf36a:7066:13)\n    at callCallback (https://3000-6a9895bb63c9859b8ed36d0f--b-5ac20ef-52e37f1ff58d2ee8.imported.base44-preview.app/@fs/app/node_modules/.vite/deps/react-dom_client.js?v=07bbf36a:5491:18)\n    at commitCallbacks (https://3000-6a9895bb63c9859b8ed36d0f--b-5ac20ef-52e37f1ff58d2ee8.imported.base44-preview.app/@fs/app/node_modules/.vite/deps/react-dom_client.js?v=07bbf36a:5503:13)\n    at runWithFiberInDEV (https://3000-6a9895bb63c9859b8ed36d0f--b-5ac20ef-52e37f1ff58d2ee8.imported.base44-preview.app/@fs/app/node_modules/.vite/deps/react-dom_client.js?v=07bbf36a:997:72)\n    at commitClassCallbacks (https://3000-6a9895bb63c9859b8ed36d0f--b-5ac20ef-52e37f1ff58d2ee8.imported.base44-preview.app/@fs/app/node_modules/.vite/deps/react-dom_client.js?v=07bbf36a:9490:13)"}
[2026-09-02T21:45:26.092Z] {"timestamp":1788385498919,"level":"DEBUG","args":["[vite]","hot updated: /src/pages/Home.tsx"],"stack":null}
[2026-09-02T21:45:26.092Z] {"timestamp":1788385498919,"level":"DEBUG","args":["[vite]","hot updated: /src/index.css"],"stack":null}
[2026-09-02T21:45:26.092Z] {"timestamp":1788385499502,"level":"ERROR","args":["%o\n\n%s\n\n%s\n",{"type":"Error","message":"Database is not defined","stack":"ReferenceError: Database is not defined\n    at Home (https://3000-6a9895bb63c9859b8ed36d0f--b-5ac20ef-52e37f1ff58d2ee8.imported.base44-preview.app/src/pages/Home.tsx?t=1788385497941:216:34)\n    at Object.react_stack_bottom_frame (https://3000-6a9895bb63c9859b8ed36d0f--b-5ac20ef-52e37f1ff58d2ee8.imported.base44-preview.app/@fs/app/node_modules/.vite/deps/react-dom_client.js?v=07bbf36a:18509:20)\n    at renderWithHooks (https://3000-6a9895bb63c9859b8ed36d0f--b-5ac20ef-52e37f1ff58d2ee8.imported.base44-preview.app/@fs/app/node_modules/.vite/deps/react-dom_client.js?v=07bbf36a:5654:24)\n    at updateFunctionComponent (https://3000-6a9895bb63c9859b8ed36d0f--b-5ac20ef-52e37f1ff58d2ee8.imported.base44-preview.app/@fs/app/node_modules/.vite/deps/react-dom_client.js?v=07bbf36a:7475:21)\n    at beginWork (https://3000-6a9895bb63c9859b8ed36d0f--b-5ac20ef-52e37f1ff58d2ee8.imported.base44-preview.app/@fs/app/node_modules/.vite/deps/react-dom_client.js?v=07bbf36a:8525:20)\n    at runWithFiberInDEV (https://3000-6a9895bb63c9859b8ed36d0f--b-5ac20ef-52e37f1ff58d2ee8.imported.base44-preview.app/@fs/app/node_modules/.vite/deps/react-dom_client.js?v=07bbf36a:997:72)\n    at performUnitOfWork (https://3000-6a9895bb63c9859b8ed36d0f--b-5ac20ef-52e37f1ff58d2ee8.imported.base44-preview.app/@fs/app/node_modules/.vite/deps/react-dom_client.js?v=07bbf36a:12561:98)\n    at workLoopSync (https://3000-6a9895bb63c9859b8ed36d0f--b-5ac20ef-52e37f1ff58d2ee8.imported.base44-preview.app/@fs/app/node_modules/.vite/deps/react-dom_client.js?v=07bbf36a:12424:43)\n    at renderRootSync (https://3000-6a9895bb63c9859b8ed36d0f--b-5ac20ef-52e37f1ff58d2ee8.imported.base44-preview.app/@fs/app/node_modules/.vite/deps/react-dom_client.js?v=07bbf36a:12408:13)\n    at performWorkOnRoot (https://3000-6a9895bb63c9859b8ed36d0f--b-5ac20ef-52e37f1ff58d2ee8.imported.base44-preview.app/@fs/app/node_modules/.vite/deps/react-dom_client.js?v=07bbf36a:11827:37)"},"The above error occurred in the <Home> component.","React will try to recreate this component tree from scratch using the error boundary you provided, ErrorBoundary."],"stack":"Error\n    at console.<computed> (https://3000-6a9895bb63c9859b8ed36d0f--b-5ac20ef-52e37f1ff58d2ee8.imported.base44-preview.app/__manus__/debug-collector.js:391:37)\n    at console.error (https://app.base44.com/builder-bridge.js:12741:22)\n    at defaultOnCaughtError (https://3000-6a9895bb63c9859b8ed36d0f--b-5ac20ef-52e37f1ff58d2ee8.imported.base44-preview.app/@fs/app/node_modules/.vite/deps/react-dom_client.js?v=07bbf36a:7001:19)\n    at logCaughtError (https://3000-6a9895bb63c9859b8ed36d0f--b-5ac20ef-52e37f1ff58d2ee8.imported.base44-preview.app/@fs/app/node_modules/.vite/deps/react-dom_client.js?v=07bbf36a:7033:11)\n    at runWithFiberInDEV (https://3000-6a9895bb63c9859b8ed36d0f--b-5ac20ef-52e37f1ff58d2ee8.imported.base44-preview.app/@fs/app/node_modules/.vite/deps/react-dom_client.js?v=07bbf36a:997:72)\n    at update.callback (https://3000-6a9895bb63c9859b8ed36d0f--b-5ac20ef-52e37f1ff58d2ee8.imported.base44-preview.app/@fs/app/node_modules/.vite/deps/react-dom_client.js?v=07bbf36a:7066:13)\n    at callCallback (https://3000-6a9895bb63c9859b8ed36d0f--b-5ac20ef-52e37f1ff58d2ee8.imported.base44-preview.app/@fs/app/node_modules/.vite/deps/react-dom_client.js?v=07bbf36a:5491:18)\n    at commitCallbacks (https://3000-6a9895bb63c9859b8ed36d0f--b-5ac20ef-52e37f1ff58d2ee8.imported.base44-preview.app/@fs/app/node_modules/.vite/deps/react-dom_client.js?v=07bbf36a:5503:13)\n    at runWithFiberInDEV (https://3000-6a9895bb63c9859b8ed36d0f--b-5ac20ef-52e37f1ff58d2ee8.imported.base44-preview.app/@fs/app/node_modules/.vite/deps/react-dom_client.js?v=07bbf36a:997:72)\n    at commitClassCallbacks (https://3000-6a9895bb63c9859b8ed36d0f--b-5ac20ef-52e37f1ff58d2ee8.imported.base44-preview.app/@fs/app/node_modules/.vite/deps/react-dom_client.js?v=07bbf36a:9490:13)"}
[2026-09-02T21:45:26.092Z] {"timestamp":1788385502757,"level":"DEBUG","args":["[vite]","hot updated: /src/pages/Home.tsx"],"stack":null}
[2026-09-02T21:45:26.092Z] {"timestamp":1788385502757,"level":"DEBUG","args":["[vite]","hot updated: /src/index.css"],"stack":null}
[2026-09-02T21:45:26.092Z] {"timestamp":1788385503502,"level":"ERROR","args":["%o\n\n%s\n\n%s\n",{"type":"Error","message":"totalCount is not defined","stack":"ReferenceError: totalCount is not defined\n    at Home (https://3000-6a9895bb63c9859b8ed36d0f--b-5ac20ef-52e37f1ff58d2ee8.imported.base44-preview.app/src/pages/Home.tsx?t=1788385502011:197:13)\n    at Object.react_stack_bottom_frame (https://3000-6a9895bb63c9859b8ed36d0f--b-5ac20ef-52e37f1ff58d2ee8.imported.base44-preview.app/@fs/app/node_modules/.vite/deps/react-dom_client.js?v=07bbf36a:18509:20)\n    at renderWithHooks (https://3000-6a9895bb63c9859b8ed36d0f--b-5ac20ef-52e37f1ff58d2ee8.imported.base44-preview.app/@fs/app/node_modules/.vite/deps/react-dom_client.js?v=07bbf36a:5654:24)\n    at updateFunctionComponent (https://3000-6a9895bb63c9859b8ed36d0f--b-5ac20ef-52e37f1ff58d2ee8.imported.base44-preview.app/@fs/app/node_modules/.vite/deps/react-dom_client.js?v=07bbf36a:7475:21)\n    at beginWork (https://3000-6a9895bb63c9859b8ed36d0f--b-5ac20ef-52e37f1ff58d2ee8.imported.base44-preview.app/@fs/app/node_modules/.vite/deps/react-dom_client.js?v=07bbf36a:8525:20)\n    at runWithFiberInDEV (https://3000-6a9895bb63c9859b8ed36d0f--b-5ac20ef-52e37f1ff58d2ee8.imported.base44-preview.app/@fs/app/node_modules/.vite/deps/react-dom_client.js?v=07bbf36a:997:72)\n    at performUnitOfWork (https://3000-6a9895bb63c9859b8ed36d0f--b-5ac20ef-52e37f1ff58d2ee8.imported.base44-preview.app/@fs/app/node_modules/.vite/deps/react-dom_client.js?v=07bbf36a:12561:98)\n    at workLoopSync (https://3000-6a9895bb63c9859b8ed36d0f--b-5ac20ef-52e37f1ff58d2ee8.imported.base44-preview.app/@fs/app/node_modules/.vite/deps/react-dom_client.js?v=07bbf36a:12424:43)\n    at renderRootSync (https://3000-6a9895bb63c9859b8ed36d0f--b-5ac20ef-52e37f1ff58d2ee8.imported.base44-preview.app/@fs/app/node_modules/.vite/deps/react-dom_client.js?v=07bbf36a:12408:13)\n    at performWorkOnRoot (https://3000-6a9895bb63c9859b8ed36d0f--b-5ac20ef-52e37f1ff58d2ee8.imported.base44-preview.app/@fs/app/node_modules/.vite/deps/react-dom_client.js?v=07bbf36a:11827:37)"},"The above error occurred in the <Home> component.","React will try to recreate this component tree from scratch using the error boundary you provided, ErrorBoundary."],"stack":"Error\n    at console.<computed> (https://3000-6a9895bb63c9859b8ed36d0f--b-5ac20ef-52e37f1ff58d2ee8.imported.base44-preview.app/__manus__/debug-collector.js:391:37)\n    at console.error (https://app.base44.com/builder-bridge.js:12741:22)\n    at defaultOnCaughtError (https://3000-6a9895bb63c9859b8ed36d0f--b-5ac20ef-52e37f1ff58d2ee8.imported.base44-preview.app/@fs/app/node_modules/.vite/deps/react-dom_client.js?v=07bbf36a:7001:19)\n    at logCaughtError (https://3000-6a9895bb63c9859b8ed36d0f--b-5ac20ef-52e37f1ff58d2ee8.imported.base44-preview.app/@fs/app/node_modules/.vite/deps/react-dom_client.js?v=07bbf36a:7033:11)\n    at runWithFiberInDEV (https://3000-6a9895bb63c9859b8ed36d0f--b-5ac20ef-52e37f1ff58d2ee8.imported.base44-preview.app/@fs/app/node_modules/.vite/deps/react-dom_client.js?v=07bbf36a:997:72)\n    at update.callback (https://3000-6a9895bb63c9859b8ed36d0f--b-5ac20ef-52e37f1ff58d2ee8.imported.base44-preview.app/@fs/app/node_modules/.vite/deps/react-dom_client.js?v=07bbf36a:7066:13)\n    at callCallback (https://3000-6a9895bb63c9859b8ed36d0f--b-5ac20ef-52e37f1ff58d2ee8.imported.base44-preview.app/@fs/app/node_modules/.vite/deps/react-dom_client.js?v=07bbf36a:5491:18)\n    at commitCallbacks (https://3000-6a9895bb63c9859b8ed36d0f--b-5ac20ef-52e37f1ff58d2ee8.imported.base44-preview.app/@fs/app/node_modules/.vite/deps/react-dom_client.js?v=07bbf36a:5503:13)\n    at runWithFiberInDEV (https://3000-6a9895bb63c9859b8ed36d0f--b-5ac20ef-52e37f1ff58d2ee8.imported.base44-preview.app/@fs/app/node_modules/.vite/deps/react-dom_client.js?v=07bbf36a:997:72)\n    at commitClassCallbacks (https://3000-6a9895bb63c9859b8ed36d0f--b-5ac20ef-52e37f1ff58d2ee8.imported.base44-preview.app/@fs/app/node_modules/.vite/deps/react-dom_client.js?v=07bbf36a:9490:13)"}
[2026-09-02T21:45:26.092Z] {"timestamp":1788385505112,"level":"DEBUG","args":["[vite]","hot updated: /src/pages/Home.tsx"],"stack":null}
[2026-09-02T21:45:26.092Z] {"timestamp":1788385505113,"level":"DEBUG","args":["[vite]","hot updated: /src/index.css"],"stack":null}
[2026-09-02T21:45:26.092Z] {"timestamp":1788385505502,"level":"ERROR","args":["%o\n\n%s\n\n%s\n",{"type":"Error","message":"totalCount is not defined","stack":"ReferenceError: totalCount is not defined\n    at Home (https://3000-6a9895bb63c9859b8ed36d0f--b-5ac20ef-52e37f1ff58d2ee8.imported.base44-preview.app/src/pages/Home.tsx?t=1788385504432:198:13)\n    at Object.react_stack_bottom_frame (https://3000-6a9895bb63c9859b8ed36d0f--b-5ac20ef-52e37f1ff58d2ee8.imported.base44-preview.app/@fs/app/node_modules/.vite/deps/react-dom_client.js?v=07bbf36a:18509:20)\n    at renderWithHooks (https://3000-6a9895bb63c9859b8ed36d0f--b-5ac20ef-52e37f1ff58d2ee8.imported.base44-preview.app/@fs/app/node_modules/.vite/deps/react-dom_client.js?v=07bbf36a:5654:24)\n    at updateFunctionComponent (https://3000-6a9895bb63c9859b8ed36d0f--b-5ac20ef-52e37f1ff58d2ee8.imported.base44-preview.app/@fs/app/node_modules/.vite/deps/react-dom_client.js?v=07bbf36a:7475:21)\n    at beginWork (https://3000-6a9895bb63c9859b8ed36d0f--b-5ac20ef-52e37f1ff58d2ee8.imported.base44-preview.app/@fs/app/node_modules/.vite/deps/react-dom_client.js?v=07bbf36a:8525:20)\n    at runWithFiberInDEV (https://3000-6a9895bb63c9859b8ed36d0f--b-5ac20ef-52e37f1ff58d2ee8.imported.base44-preview.app/@fs/app/node_modules/.vite/deps/react-dom_client.js?v=07bbf36a:997:72)\n    at performUnitOfWork (https://3000-6a9895bb63c9859b8ed36d0f--b-5ac20ef-52e37f1ff58d2ee8.imported.base44-preview.app/@fs/app/node_modules/.vite/deps/react-dom_client.js?v=07bbf36a:12561:98)\n    at workLoopSync (https://3000-6a9895bb63c9859b8ed36d0f--b-5ac20ef-52e37f1ff58d2ee8.imported.base44-preview.app/@fs/app/node_modules/.vite/deps/react-dom_client.js?v=07bbf36a:12424:43)\n    at renderRootSync (https://3000-6a9895bb63c9859b8ed36d0f--b-5ac20ef-52e37f1ff58d2ee8.imported.base44-preview.app/@fs/app/node_modules/.vite/deps/react-dom_client.js?v=07bbf36a:12408:13)\n    at performWorkOnRoot (https://3000-6a9895bb63c9859b8ed36d0f--b-5ac20ef-52e37f1ff58d2ee8.imported.base44-preview.app/@fs/app/node_modules/.vite/deps/react-dom_client.js?v=07bbf36a:11827:37)"},"The above error occurred in the <Home> component.","React will try to recreate this component tree from scratch using the error boundary you provided, ErrorBoundary."],"stack":"Error\n    at console.<computed> (https://3000-6a9895bb63c9859b8ed36d0f--b-5ac20ef-52e37f1ff58d2ee8.imported.base44-preview.app/__manus__/debug-collector.js:391:37)\n    at console.error (https://app.base44.com/builder-bridge.js:12741:22)\n    at defaultOnCaughtError (https://3000-6a9895bb63c9859b8ed36d0f--b-5ac20ef-52e37f1ff58d2ee8.imported.base44-preview.app/@fs/app/node_modules/.vite/deps/react-dom_client.js?v=07bbf36a:7001:19)\n    at logCaughtError (https://3000-6a9895bb63c9859b8ed36d0f--b-5ac20ef-52e37f1ff58d2ee8.imported.base44-preview.app/@fs/app/node_modules/.vite/deps/react-dom_client.js?v=07bbf36a:7033:11)\n    at runWithFiberInDEV (https://3000-6a9895bb63c9859b8ed36d0f--b-5ac20ef-52e37f1ff58d2ee8.imported.base44-preview.app/@fs/app/node_modules/.vite/deps/react-dom_client.js?v=07bbf36a:997:72)\n    at update.callback (https://3000-6a9895bb63c9859b8ed36d0f--b-5ac20ef-52e37f1ff58d2ee8.imported.base44-preview.app/@fs/app/node_modules/.vite/deps/react-dom_client.js?v=07bbf36a:7066:13)\n    at callCallback (https://3000-6a9895bb63c9859b8ed36d0f--b-5ac20ef-52e37f1ff58d2ee8.imported.base44-preview.app/@fs/app/node_modules/.vite/deps/react-dom_client.js?v=07bbf36a:5491:18)\n    at commitCallbacks (https://3000-6a9895bb63c9859b8ed36d0f--b-5ac20ef-52e37f1ff58d2ee8.imported.base44-preview.app/@fs/app/node_modules/.vite/deps/react-dom_client.js?v=07bbf36a:5503:13)\n    at runWithFiberInDEV (https://3000-6a9895bb63c9859b8ed36d0f--b-5ac20ef-52e37f1ff58d2ee8.imported.base44-preview.app/@fs/app/node_modules/.vite/deps/react-dom_client.js?v=07bbf36a:997:72)\n    at commitClassCallbacks (https://3000-6a9895bb63c9859b8ed36d0f--b-5ac20ef-52e37f1ff58d2ee8.imported.base44-preview.app/@fs/app/node_modules/.vite/deps/react-dom_client.js?v=07bbf36a:9490:13)"}
[2026-09-02T21:45:26.092Z] {"timestamp":1788385507017,"level":"DEBUG","args":["[vite]","hot updated: /src/pages/Home.tsx"],"stack":null}
[2026-09-02T21:45:26.092Z] {"timestamp":1788385507018,"level":"DEBUG","args":["[vite]","hot updated: /src/index.css"],"stack":null}
[2026-09-02T21:45:26.092Z] {"timestamp":1788385507504,"level":"ERROR","args":["%o\n\n%s\n\n%s\n",{"type":"Error","message":"totalCount is not defined","stack":"ReferenceError: totalCount is not defined\n    at Home (https://3000-6a9895bb63c9859b8ed36d0f--b-5ac20ef-52e37f1ff58d2ee8.imported.base44-preview.app/src/pages/Home.tsx?t=1788385506326:198:13)\n    at Object.react_stack_bottom_frame (https://3000-6a9895bb63c9859b8ed36d0f--b-5ac20ef-52e37f1ff58d2ee8.imported.base44-preview.app/@fs/app/node_modules/.vite/deps/react-dom_client.js?v=07bbf36a:18509:20)\n    at renderWithHooks (https://3000-6a9895bb63c9859b8ed36d0f--b-5ac20ef-52e37f1ff58d2ee8.imported.base44-preview.app/@fs/app/node_modules/.vite/deps/react-dom_client.js?v=07bbf36a:5654:24)\n    at updateFunctionComponent (https://3000-6a9895bb63c9859b8ed36d0f--b-5ac20ef-52e37f1ff58d2ee8.imported.base44-preview.app/@fs/app/node_modules/.vite/deps/react-dom_client.js?v=07bbf36a:7475:21)\n    at beginWork (https://3000-6a9895bb63c9859b8ed36d0f--b-5ac20ef-52e37f1ff58d2ee8.imported.base44-preview.app/@fs/app/node_modules/.vite/deps/react-dom_client.js?v=07bbf36a:8525:20)\n    at runWithFiberInDEV (https://3000-6a9895bb63c9859b8ed36d0f--b-5ac20ef-52e37f1ff58d2ee8.imported.base44-preview.app/@fs/app/node_modules/.vite/deps/react-dom_client.js?v=07bbf36a:997:72)\n    at performUnitOfWork (https://3000-6a9895bb63c9859b8ed36d0f--b-5ac20ef-52e37f1ff58d2ee8.imported.base44-preview.app/@fs/app/node_modules/.vite/deps/react-dom_client.js?v=07bbf36a:12561:98)\n    at workLoopSync (https://3000-6a9895bb63c9859b8ed36d0f--b-5ac20ef-52e37f1ff58d2ee8.imported.base44-preview.app/@fs/app/node_modules/.vite/deps/react-dom_client.js?v=07bbf36a:12424:43)\n    at renderRootSync (https://3000-6a9895bb63c9859b8ed36d0f--b-5ac20ef-52e37f1ff58d2ee8.imported.base44-preview.app/@fs/app/node_modules/.vite/deps/react-dom_client.js?v=07bbf36a:12408:13)\n    at performWorkOnRoot (https://3000-6a9895bb63c9859b8ed36d0f--b-5ac20ef-52e37f1ff58d2ee8.imported.base44-preview.app/@fs/app/node_modules/.vite/deps/react-dom_client.js?v=07bbf36a:11827:37)"},"The above error occurred in the <Home> component.","React will try to recreate this component tree from scratch using the error boundary you provided, ErrorBoundary."],"stack":"Error\n    at console.<computed> (https://3000-6a9895bb63c9859b8ed36d0f--b-5ac20ef-52e37f1ff58d2ee8.imported.base44-preview.app/__manus__/debug-collector.js:391:37)\n    at console.error (https://app.base44.com/builder-bridge.js:12741:22)\n    at defaultOnCaughtError (https://3000-6a9895bb63c9859b8ed36d0f--b-5ac20ef-52e37f1ff58d2ee8.imported.base44-preview.app/@fs/app/node_modules/.vite/deps/react-dom_client.js?v=07bbf36a:7001:19)\n    at logCaughtError (https://3000-6a9895bb63c9859b8ed36d0f--b-5ac20ef-52e37f1ff58d2ee8.imported.base44-preview.app/@fs/app/node_modules/.vite/deps/react-dom_client.js?v=07bbf36a:7033:11)\n    at runWithFiberInDEV (https://3000-6a9895bb63c9859b8ed36d0f--b-5ac20ef-52e37f1ff58d2ee8.imported.base44-preview.app/@fs/app/node_modules/.vite/deps/react-dom_client.js?v=07bbf36a:997:72)\n    at update.callback (https://3000-6a9895bb63c9859b8ed36d0f--b-5ac20ef-52e37f1ff58d2ee8.imported.base44-preview.app/@fs/app/node_modules/.vite/deps/react-dom_client.js?v=07bbf36a:7066:13)\n    at callCallback (https://3000-6a9895bb63c9859b8ed36d0f--b-5ac20ef-52e37f1ff58d2ee8.imported.base44-preview.app/@fs/app/node_modules/.vite/deps/react-dom_client.js?v=07bbf36a:5491:18)\n    at commitCallbacks (https://3000-6a9895bb63c9859b8ed36d0f--b-5ac20ef-52e37f1ff58d2ee8.imported.base44-preview.app/@fs/app/node_modules/.vite/deps/react-dom_client.js?v=07bbf36a:5503:13)\n    at runWithFiberInDEV (https://3000-6a9895bb63c9859b8ed36d0f--b-5ac20ef-52e37f1ff58d2ee8.imported.base44-preview.app/@fs/app/node_modules/.vite/deps/react-dom_client.js?v=07bbf36a:997:72)\n    at commitClassCallbacks (https://3000-6a9895bb63c9859b8ed36d0f--b-5ac20ef-52e37f1ff58d2ee8.imported.base44-preview.app/@fs/app/node_modules/.vite/deps/react-dom_client.js?v=07bbf36a:9490:13)"}
[2026-09-02T21:45:26.092Z] {"timestamp":1788385510630,"level":"DEBUG","args":["[vite]","hot updated: /src/pages/Home.tsx"],"stack":null}
[2026-09-02T21:45:26.092Z] {"timestamp":1788385510630,"level":"DEBUG","args":["[vite]","hot updated: /src/index.css"],"stack":null}
[2026-09-02T21:45:26.092Z] {"timestamp":1788385513275,"level":"DEBUG","args":["[vite]","hot updated: /src/pages/Home.tsx"],"stack":null}
[2026-09-02T21:45:26.092Z] {"timestamp":1788385513275,"level":"DEBUG","args":["[vite]","hot updated: /src/index.css"],"stack":null}
[2026-09-02T21:45:26.092Z] {"timestamp":1788385518713,"level":"DEBUG","args":["[vite]","hot updated: /src/components/ProfileTab.tsx"],"stack":null}
[2026-09-02T21:45:26.092Z] {"timestamp":1788385518713,"level":"DEBUG","args":["[vite]","hot updated: /src/index.css"],"stack":null}
[2026-09-02T21:45:27.664Z] {"timestamp":1788385525825,"level":"DEBUG","args":["[vite]","hot updated: /src/components/ProfileTab.tsx"],"stack":null}
[2026-09-02T21:45:27.664Z] {"timestamp":1788385525825,"level":"DEBUG","args":["[vite]","hot updated: /src/index.css"],"stack":null}
[2026-09-02T21:45:30.262Z] {"timestamp":1788385529055,"level":"DEBUG","args":["[vite]","hot updated: /src/components/ProfileTab.tsx"],"stack":null}
[2026-09-02T21:45:30.262Z] {"timestamp":1788385529055,"level":"DEBUG","args":["[vite]","hot updated: /src/index.css"],"stack":null}
[2026-09-02T21:45:34.307Z] {"timestamp":1788385532679,"level":"DEBUG","args":["[vite]","hot updated: /src/pages/Admin.tsx"],"stack":null}
[2026-09-02T21:45:34.307Z] {"timestamp":1788385532679,"level":"DEBUG","args":["[vite]","hot updated: /src/index.css"],"stack":null}
[2026-09-02T21:45:38.341Z] {"timestamp":1788385537914,"level":"DEBUG","args":["[vite]","hot updated: /src/pages/Home.tsx"],"stack":null}
[2026-09-02T21:45:38.341Z] {"timestamp":1788385537914,"level":"DEBUG","args":["[vite]","hot updated: /src/index.css"],"stack":null}
[2026-09-02T21:45:47.032Z] {"timestamp":1788385544829,"level":"DEBUG","args":["[Manus] Debug collector initialized (no rrweb, UI events only)"],"stack":null}
[2026-09-02T21:45:47.032Z] {"timestamp":1788385545837,"level":"DEBUG","args":["[vite] connected."],"stack":null}
[2026-09-02T21:46:01.557Z] {"timestamp":1788385557651,"level":"WARN","args":["Warning: Missing `Description` or `aria-describedby={undefined}` for {DialogContent}."],"stack":null}
[2026-09-02T21:49:55.193Z] {"timestamp":1788385792975,"level":"DEBUG","args":["[Manus] Debug collector initialized (no rrweb, UI events only)"],"stack":null}
[2026-09-02T21:49:55.193Z] {"timestamp":1788385793983,"level":"DEBUG","args":["[vite] connected."],"stack":null}
[2026-09-02T21:50:24.717Z] {"timestamp":1788385821768,"level":"DEBUG","args":["[Manus] Debug collector initialized (no rrweb, UI events only)"],"stack":null}
[2026-09-02T21:50:24.717Z] {"timestamp":1788385822632,"level":"DEBUG","args":["[vite] connected."],"stack":null}
[2026-09-02T21:50:32.715Z] {"timestamp":1788385830316,"level":"DEBUG","args":["[Manus] Debug collector initialized (no rrweb, UI events only)"],"stack":null}
[2026-09-02T21:50:32.715Z] {"timestamp":1788385831174,"level":"DEBUG","args":["[vite] connected."],"stack":null}
[2026-09-02T21:51:23.099Z] {"timestamp":1788385880866,"level":"DEBUG","args":["[vite]","invalidate /src/contexts/SettingsContext.tsx: Could not Fast Refresh (\"useSettings\" export is incompatible). Learn more at https://github.com/vitejs/vite-plugin-react/tree/main/packages/plugin-react#consistent-components-exports"],"stack":null}
[2026-09-02T21:51:23.099Z] {"timestamp":1788385880866,"level":"DEBUG","args":["[vite]","hot updated: /src/contexts/SettingsContext.tsx"],"stack":null}
[2026-09-02T21:51:23.099Z] {"timestamp":1788385880867,"level":"DEBUG","args":["[vite]","hot updated: /src/index.css"],"stack":null}
[2026-09-02T21:51:24.814Z] {"timestamp":1788385882694,"level":"DEBUG","args":["[vite]","hot updated: /src/App.tsx"],"stack":null}
[2026-09-02T21:51:24.814Z] {"timestamp":1788385882694,"level":"DEBUG","args":["[vite]","hot updated: /src/index.css"],"stack":null}
[2026-09-02T21:51:24.814Z] {"timestamp":1788385882999,"level":"DEBUG","args":["[vite]","hot updated: /src/App.tsx"],"stack":null}
[2026-09-02T21:51:24.814Z] {"timestamp":1788385882999,"level":"DEBUG","args":["[vite]","hot updated: /src/pages/Admin.tsx"],"stack":null}
[2026-09-02T21:51:24.814Z] {"timestamp":1788385882999,"level":"DEBUG","args":["[vite]","hot updated: /src/pages/Home.tsx"],"stack":null}
[2026-09-02T21:51:24.814Z] {"timestamp":1788385882999,"level":"DEBUG","args":["[vite]","hot updated: /src/components/QRCodeDisplay.tsx"],"stack":null}
[2026-09-02T21:51:24.814Z] {"timestamp":1788385882999,"level":"DEBUG","args":["[vite]","hot updated: /src/components/QRScanner.tsx"],"stack":null}
[2026-09-02T21:51:24.814Z] {"timestamp":1788385882999,"level":"DEBUG","args":["[vite]","hot updated: /src/components/ProfileTab.tsx"],"stack":null}
[2026-09-02T21:51:24.814Z] {"timestamp":1788385882999,"level":"DEBUG","args":["[vite]","hot updated: /src/components/SettingsTab.tsx"],"stack":null}
[2026-09-02T21:51:24.814Z] {"timestamp":1788385883000,"level":"DEBUG","args":["[vite]","hot updated: /src/components/RegisterSuccess.tsx"],"stack":null}
[2026-09-02T21:51:24.814Z] {"timestamp":1788385883000,"level":"DEBUG","args":["[vite]","hot updated: /src/components/BottomNav.tsx"],"stack":null}
[2026-09-02T21:51:24.814Z] {"timestamp":1788385883522,"level":"ERROR","args":["%o\n\n%s\n\n%s\n",{"type":"Error","message":"Landing is not defined","stack":"ReferenceError: Landing is not defined\n    at Router (https://3000-6a9899d6ac0c9f58150d0152--b-724dbaf-65c77b5a3cce7bc9.imported.base44-preview.app/src/App.tsx?t=1788385879541:16:96)\n    at Object.react_stack_bottom_frame (https://3000-6a9899d6ac0c9f58150d0152--b-724dbaf-65c77b5a3cce7bc9.imported.base44-preview.app/@fs/app/node_modules/.vite/deps/react-dom_client.js?v=8cfa5cf6:18509:20)\n    at renderWithHooks (https://3000-6a9899d6ac0c9f58150d0152--b-724dbaf-65c77b5a3cce7bc9.imported.base44-preview.app/@fs/app/node_modules/.vite/deps/react-dom_client.js?v=8cfa5cf6:5654:24)\n    at updateFunctionComponent (https://3000-6a9899d6ac0c9f58150d0152--b-724dbaf-65c77b5a3cce7bc9.imported.base44-preview.app/@fs/app/node_modules/.vite/deps/react-dom_client.js?v=8cfa5cf6:7475:21)\n    at beginWork (https://3000-6a9899d6ac0c9f58150d0152--b-724dbaf-65c77b5a3cce7bc9.imported.base44-preview.app/@fs/app/node_modules/.vite/deps/react-dom_client.js?v=8cfa5cf6:8525:20)\n    at runWithFiberInDEV (https://3000-6a9899d6ac0c9f58150d0152--b-724dbaf-65c77b5a3cce7bc9.imported.base44-preview.app/@fs/app/node_modules/.vite/deps/react-dom_client.js?v=8cfa5cf6:997:72)\n    at performUnitOfWork (https://3000-6a9899d6ac0c9f58150d0152--b-724dbaf-65c77b5a3cce7bc9.imported.base44-preview.app/@fs/app/node_modules/.vite/deps/react-dom_client.js?v=8cfa5cf6:12561:98)\n    at workLoopSync (https://3000-6a9899d6ac0c9f58150d0152--b-724dbaf-65c77b5a3cce7bc9.imported.base44-preview.app/@fs/app/node_modules/.vite/deps/react-dom_client.js?v=8cfa5cf6:12424:43)\n    at renderRootSync (https://3000-6a9899d6ac0c9f58150d0152--b-724dbaf-65c77b5a3cce7bc9.imported.base44-preview.app/@fs/app/node_modules/.vite/deps/react-dom_client.js?v=8cfa5cf6:12408:13)\n    at performWorkOnRoot (https://3000-6a9899d6ac0c9f58150d0152--b-724dbaf-65c77b5a3cce7bc9.imported.base44-preview.app/@fs/app/node_modules/.vite/deps/react-dom_client.js?v=8cfa5cf6:11827:37)"},"The above error occurred in the <Router> component.","React will try to recreate this component tree from scratch using the error boundary you provided, ErrorBoundary."],"stack":"Error\n    at console.<computed> (https://3000-6a9899d6ac0c9f58150d0152--b-724dbaf-65c77b5a3cce7bc9.imported.base44-preview.app/__manus__/debug-collector.js:391:37)\n    at console.error (https://app.base44.com/builder-bridge.js:12741:22)\n    at defaultOnCaughtError (https://3000-6a9899d6ac0c9f58150d0152--b-724dbaf-65c77b5a3cce7bc9.imported.base44-preview.app/@fs/app/node_modules/.vite/deps/react-dom_client.js?v=8cfa5cf6:7001:19)\n    at logCaughtError (https://3000-6a9899d6ac0c9f58150d0152--b-724dbaf-65c77b5a3cce7bc9.imported.base44-preview.app/@fs/app/node_modules/.vite/deps/react-dom_client.js?v=8cfa5cf6:7033:11)\n    at runWithFiberInDEV (https://3000-6a9899d6ac0c9f58150d0152--b-724dbaf-65c77b5a3cce7bc9.imported.base44-preview.app/@fs/app/node_modules/.vite/deps/react-dom_client.js?v=8cfa5cf6:997:72)\n    at update.callback (https://3000-6a9899d6ac0c9f58150d0152--b-724dbaf-65c77b5a3cce7bc9.imported.base44-preview.app/@fs/app/node_modules/.vite/deps/react-dom_client.js?v=8cfa5cf6:7066:13)\n    at callCallback (https://3000-6a9899d6ac0c9f58150d0152--b-724dbaf-65c77b5a3cce7bc9.imported.base44-preview.app/@fs/app/node_modules/.vite/deps/react-dom_client.js?v=8cfa5cf6:5491:18)\n    at commitCallbacks (https://3000-6a9899d6ac0c9f58150d0152--b-724dbaf-65c77b5a3cce7bc9.imported.base44-preview.app/@fs/app/node_modules/.vite/deps/react-dom_client.js?v=8cfa5cf6:5503:13)\n    at runWithFiberInDEV (https://3000-6a9899d6ac0c9f58150d0152--b-724dbaf-65c77b5a3cce7bc9.imported.base44-preview.app/@fs/app/node_modules/.vite/deps/react-dom_client.js?v=8cfa5cf6:997:72)\n    at commitClassCallbacks (https://3000-6a9899d6ac0c9f58150d0152--b-724dbaf-65c77b5a3cce7bc9.imported.base44-preview.app/@fs/app/node_modules/.vite/deps/react-dom_client.js?v=8cfa5cf6:9490:13)"}
[2026-09-02T21:51:24.814Z] {"timestamp":1788385883564,"level":"DEBUG","args":["[vite]","hot updated: /src/components/SplashScreen.tsx"],"stack":null}
[2026-09-02T21:51:24.814Z] {"timestamp":1788385883564,"level":"DEBUG","args":["[vite]","hot updated: /src/index.css"],"stack":null}
[2026-09-02T21:51:24.814Z] {"timestamp":1788385884278,"level":"DEBUG","args":["[vite]","hot updated: /src/App.tsx"],"stack":null}
[2026-09-02T21:51:24.814Z] {"timestamp":1788385884278,"level":"DEBUG","args":["[vite]","hot updated: /src/index.css"],"stack":null}
[2026-09-02T21:51:26.736Z] {"timestamp":1788385885837,"level":"DEBUG","args":["[vite]","hot updated: /src/pages/Home.tsx"],"stack":null}
[2026-09-02T21:51:26.736Z] {"timestamp":1788385885837,"level":"DEBUG","args":["[vite]","hot updated: /src/index.css"],"stack":null}
[2026-09-02T21:51:28.717Z] {"timestamp":1788385887755,"level":"DEBUG","args":["[vite]","hot updated: /src/pages/Home.tsx"],"stack":null}
[2026-09-02T21:51:28.717Z] {"timestamp":1788385887755,"level":"DEBUG","args":["[vite]","hot updated: /src/index.css"],"stack":null}
[2026-09-02T21:52:25.763Z] {"timestamp":1788385889811,"level":"ERROR","args":["[vite]","Failed to reload /src/pages/Home.tsx. This could be due to syntax errors or importing non-existent modules. (see errors above)"],"stack":"Error\n    at console.<computed> (https://3000-6a9899d6ac0c9f58150d0152--b-724dbaf-65c77b5a3cce7bc9.imported.base44-preview.app/__manus__/debug-collector.js:391:37)\n    at console.error (https://app.base44.com/builder-bridge.js:12741:22)\n    at Object.error (https://3000-6a9899d6ac0c9f58150d0152--b-724dbaf-65c77b5a3cce7bc9.imported.base44-preview.app/@vite/client:809:26)\n    at HMRClient.warnFailedUpdate (https://3000-6a9899d6ac0c9f58150d0152--b-724dbaf-65c77b5a3cce7bc9.imported.base44-preview.app/@vite/client:181:15)\n    at HMRClient.fetchUpdate (https://3000-6a9899d6ac0c9f58150d0152--b-724dbaf-65c77b5a3cce7bc9.imported.base44-preview.app/@vite/client:212:10)\n    at async Promise.all (index 0)\n    at async HMRClient.queueUpdate (https://3000-6a9899d6ac0c9f58150d0152--b-724dbaf-65c77b5a3cce7bc9.imported.base44-preview.app/@vite/client:196:5)\n    at async Promise.all (index 0)\n    at async handleMessage (https://3000-6a9899d6ac0c9f58150d0152--b-724dbaf-65c77b5a3cce7bc9.imported.base44-preview.app/@vite/client:838:4)"}
[2026-09-02T21:52:25.763Z] {"timestamp":1788385890061,"level":"DEBUG","args":["[vite]","hot updated: /src/pages/Home.tsx"],"stack":null}
[2026-09-02T21:52:25.763Z] {"timestamp":1788385890061,"level":"DEBUG","args":["[vite]","hot updated: /src/index.css"],"stack":null}
[2026-09-02T21:52:25.763Z] {"timestamp":1788385904999,"level":"DEBUG","args":["[vite]","hot updated: /src/pages/Home.tsx"],"stack":null}
[2026-09-02T21:52:25.763Z] {"timestamp":1788385904999,"level":"DEBUG","args":["[vite]","hot updated: /src/index.css"],"stack":null}
[2026-09-02T21:52:25.763Z] {"timestamp":1788385907024,"level":"DEBUG","args":["[vite]","hot updated: /src/pages/Home.tsx"],"stack":null}
[2026-09-02T21:52:25.763Z] {"timestamp":1788385907024,"level":"DEBUG","args":["[vite]","hot updated: /src/index.css"],"stack":null}
[2026-09-02T21:52:25.763Z] {"timestamp":1788385908959,"level":"DEBUG","args":["[vite]","hot updated: /src/pages/Home.tsx"],"stack":null}
[2026-09-02T21:52:25.763Z] {"timestamp":1788385908959,"level":"DEBUG","args":["[vite]","hot updated: /src/index.css"],"stack":null}
[2026-09-02T21:52:25.763Z] {"timestamp":1788385911598,"level":"DEBUG","args":["[vite]","hot updated: /src/pages/Home.tsx"],"stack":null}
[2026-09-02T21:52:25.763Z] {"timestamp":1788385911598,"level":"DEBUG","args":["[vite]","hot updated: /src/index.css"],"stack":null}
[2026-09-02T21:52:25.763Z] {"timestamp":1788385913713,"level":"DEBUG","args":["[vite]","hot updated: /src/pages/Home.tsx"],"stack":null}
[2026-09-02T21:52:25.763Z] {"timestamp":1788385913713,"level":"DEBUG","args":["[vite]","hot updated: /src/index.css"],"stack":null}
[2026-09-02T21:52:25.763Z] {"timestamp":1788385918073,"level":"DEBUG","args":["[vite]","hot updated: /src/pages/Home.tsx"],"stack":null}
[2026-09-02T21:52:25.763Z] {"timestamp":1788385918073,"level":"DEBUG","args":["[vite]","hot updated: /src/index.css"],"stack":null}
[2026-09-02T21:52:25.763Z] {"timestamp":1788385923395,"level":"DEBUG","args":["[vite]","hot updated: /src/pages/Admin.tsx"],"stack":null}
[2026-09-02T21:52:25.763Z] {"timestamp":1788385923395,"level":"DEBUG","args":["[vite]","hot updated: /src/index.css"],"stack":null}
[2026-09-02T21:52:25.763Z] {"timestamp":1788385926821,"level":"DEBUG","args":["[vite]","hot updated: /src/pages/Admin.tsx"],"stack":null}
[2026-09-02T21:52:25.763Z] {"timestamp":1788385926821,"level":"DEBUG","args":["[vite]","hot updated: /src/index.css"],"stack":null}
[2026-09-02T21:52:25.763Z] {"timestamp":1788385930840,"level":"DEBUG","args":["[vite]","hot updated: /src/pages/Admin.tsx"],"stack":null}
[2026-09-02T21:52:25.763Z] {"timestamp":1788385930840,"level":"DEBUG","args":["[vite]","hot updated: /src/index.css"],"stack":null}
[2026-09-02T21:53:26.724Z] {"timestamp":1788386003564,"level":"DEBUG","args":["[Manus] Debug collector initialized (no rrweb, UI events only)"],"stack":null}
[2026-09-02T21:53:26.724Z] {"timestamp":1788386004412,"level":"DEBUG","args":["[vite] connected."],"stack":null}
[2026-09-02T22:09:18.892Z] {"timestamp":1788386956977,"level":"LOG","args":["[vite] server connection lost. Polling for restart..."],"stack":null}
[2026-09-02T22:09:22.747Z] {"timestamp":1788386959841,"level":"DEBUG","args":["[Manus] Debug collector initialized (no rrweb, UI events only)"],"stack":null}
[2026-09-02T22:09:22.747Z] {"timestamp":1788386960742,"level":"DEBUG","args":["[vite] connected."],"stack":null}
[2026-09-02T22:09:51.174Z] {"timestamp":1788386989900,"level":"LOG","args":["[vite] server connection lost. Polling for restart..."],"stack":null}
[2026-09-02T22:09:54.722Z] {"timestamp":1788386992340,"level":"DEBUG","args":["[Manus] Debug collector initialized (no rrweb, UI events only)"],"stack":null}
[2026-09-02T22:09:54.722Z] {"timestamp":1788386993252,"level":"DEBUG","args":["[vite] connected."],"stack":null}
[2026-09-02T22:25:03.071Z] {"timestamp":1788387901258,"level":"LOG","args":["[vite] server connection lost. Polling for restart..."],"stack":null}
[2026-09-02T22:25:07.760Z] {"timestamp":1788387904608,"level":"DEBUG","args":["[Manus] Debug collector initialized (no rrweb, UI events only)"],"stack":null}
[2026-09-02T22:25:07.760Z] {"timestamp":1788387905512,"level":"DEBUG","args":["[vite] connected."],"stack":null}
[2026-09-02T22:40:14.734Z] {"timestamp":1788388812929,"level":"LOG","args":["[vite] server connection lost. Polling for restart..."],"stack":null}
[2026-09-02T22:40:19.169Z] {"timestamp":1788388815754,"level":"DEBUG","args":["[Manus] Debug collector initialized (no rrweb, UI events only)"],"stack":null}
[2026-09-02T22:40:19.169Z] {"timestamp":1788388816662,"level":"DEBUG","args":["[vite] connected."],"stack":null}
[2026-09-02T22:53:00.011Z] {"timestamp":1788389578567,"level":"DEBUG","args":["[vite]","hot updated: /src/index.css"],"stack":null}
[2026-09-02T22:53:00.011Z] {"timestamp":1788389578568,"level":"DEBUG","args":["[vite]","hot updated: /src/pages/Landing.tsx"],"stack":null}
[2026-09-02T22:54:55.411Z] {"timestamp":1788389693226,"level":"DEBUG","args":["[Manus] Debug collector initialized (no rrweb, UI events only)"],"stack":null}
[2026-09-02T22:54:55.411Z] {"timestamp":1788389694209,"level":"DEBUG","args":["[vite] connected."],"stack":null}
[2026-09-02T22:55:33.821Z] {"timestamp":1788389733116,"level":"DEBUG","args":["[vite]","invalidate /src/contexts/SettingsContext.tsx: Could not Fast Refresh (\"useSettings\" export is incompatible). Learn more at https://github.com/vitejs/vite-plugin-react/tree/main/packages/plugin-react#consistent-components-exports"],"stack":null}
[2026-09-02T22:55:33.821Z] {"timestamp":1788389733116,"level":"DEBUG","args":["[vite]","hot updated: /src/contexts/SettingsContext.tsx"],"stack":null}
[2026-09-02T22:55:33.821Z] {"timestamp":1788389733116,"level":"DEBUG","args":["[vite]","hot updated: /src/index.css"],"stack":null}
[2026-09-02T22:55:36.175Z] {"timestamp":1788389734700,"level":"DEBUG","args":["[vite]","hot updated: /src/pages/Home.tsx"],"stack":null}
[2026-09-02T22:55:36.175Z] {"timestamp":1788389734700,"level":"DEBUG","args":["[vite]","hot updated: /src/index.css"],"stack":null}
[2026-09-02T22:55:36.175Z] {"timestamp":1788389735375,"level":"DEBUG","args":["[vite]","hot updated: /src/App.tsx"],"stack":null}
[2026-09-02T22:55:36.175Z] {"timestamp":1788389735375,"level":"DEBUG","args":["[vite]","hot updated: /src/pages/Admin.tsx"],"stack":null}
[2026-09-02T22:55:36.175Z] {"timestamp":1788389735376,"level":"DEBUG","args":["[vite]","hot updated: /src/pages/Home.tsx"],"stack":null}
[2026-09-02T22:55:36.175Z] {"timestamp":1788389735376,"level":"DEBUG","args":["[vite]","hot updated: /src/components/QRCodeDisplay.tsx"],"stack":null}
[2026-09-02T22:55:36.175Z] {"timestamp":1788389735377,"level":"DEBUG","args":["[vite]","hot updated: /src/components/QRScanner.tsx"],"stack":null}
[2026-09-02T22:55:36.175Z] {"timestamp":1788389735377,"level":"DEBUG","args":["[vite]","hot updated: /src/components/ProfileTab.tsx"],"stack":null}
[2026-09-02T22:55:36.175Z] {"timestamp":1788389735377,"level":"DEBUG","args":["[vite]","hot updated: /src/components/SettingsTab.tsx"],"stack":null}
[2026-09-02T22:55:36.175Z] {"timestamp":1788389735377,"level":"DEBUG","args":["[vite]","hot updated: /src/components/RegisterSuccess.tsx"],"stack":null}
[2026-09-02T22:55:36.175Z] {"timestamp":1788389735377,"level":"DEBUG","args":["[vite]","hot updated: /src/components/BottomNav.tsx"],"stack":null}
[2026-09-02T22:55:36.175Z] {"timestamp":1788389735377,"level":"DEBUG","args":["[vite]","hot updated: /src/pages/Landing.tsx"],"stack":null}
[2026-09-02T22:55:37.819Z] {"timestamp":1788389736156,"level":"DEBUG","args":["[vite]","hot updated: /src/pages/Home.tsx"],"stack":null}
[2026-09-02T22:55:37.819Z] {"timestamp":1788389736156,"level":"DEBUG","args":["[vite]","hot updated: /src/index.css"],"stack":null}
[2026-09-02T22:55:39.812Z] {"timestamp":1788389737912,"level":"DEBUG","args":["[vite]","hot updated: /src/pages/Home.tsx"],"stack":null}
[2026-09-02T22:55:39.812Z] {"timestamp":1788389737912,"level":"DEBUG","args":["[vite]","hot updated: /src/index.css"],"stack":null}
[2026-09-02T22:55:43.815Z] {"timestamp":1788389742525,"level":"DEBUG","args":["[vite]","hot updated: /src/pages/Home.tsx"],"stack":null}
[2026-09-02T22:55:43.815Z] {"timestamp":1788389742525,"level":"DEBUG","args":["[vite]","hot updated: /src/index.css"],"stack":null}
